---
source: tests/graph_styles/mod.rs
expression: stdout
---
  🬖🬂🬃      🬇🬂🬈🬏🬅🬈         
 🬞  🬁     🬞🬀  🬘  🬟        
 🬏   🬀    🬃  🬞 🬀          
🬢    🬁   🬇   🬏 🬁  🬀      🬏
🬖     🬀  🬀      🬀 🬁     🬞 
 🬃    🬇 🬁   🬁   🬁🬏 🬃    🬏🬀
 🬇     🬏🬀   🬃    🬞 🬇   🬇🬇 
  🬀    🬯   🬇      🬏 🬃  🬃🬃 
  🬁🬏  🬇 🬃  🬃      🬇 🬇 🬑🬇  
   🬁🬢🬖🬀 🬁🬭🬅        🬈🬭🬶🬭🬀
