---
source: tests/integration.rs
expression: stdout
---
                    ▙▄
                    ████▄▄
                    ████████▄▖
                    ███████████▙▄
                    ██████████████▙▖
                    █████████████████▄
                    ██████████████████▙▖
                    ███████████████████▙
                    ████████████████████
                    ███████████████████▘
                    █████████████████▛
                    ███████████████▀
                    ████████████▀▘
                    ████████▛▀▘
                    █████▀▀
                    █▀▀
                ▗▄▟█▌
             ▄▟█████▌
         ▗▄█████████▌
      ▄▟████████████▌
   ▗▄███████████████▌
 ▗▟█████████████████▌
▗███████████████████▌
████████████████████▌
▜███████████████████▌
 ▜██████████████████▌
  ▝▜████████████████▌
    ▝▀██████████████▌
       ▝▀███████████▌
          ▝▀▜███████▌
              ▀▀████▌
                  ▀▀▌
                    ██▙▄▖
                    ██████▙▄
                    ██████████▄▖
                    █████████████▄▖
                    ████████████████▄
                    ██████████████████▄
                    ███████████████████▙
                    ████████████████████
                    ███████████████████▛
                    ██████████████████▀
                    ████████████████▀
                    █████████████▛▀
                    ██████████▀▀
                    ██████▛▀▘
                    ██▛▀▘
                  ▗▄▌
              ▗▄▟███▌
          ▗▄▟███████▌

