---
source: src/grid.rs
expression: graph
---
⠀⡈⡔⠉⠄⠀⠀⠐⠁⠀⠀⠠⠉⠑⣑⠊⠡⠀⠀⠀⠌⡀⠀⠀⠀⠀
⠀⠠⠀⠀⠈⠀⠀⡀⠈⠀⠠⠁⠀⠈⡠⡀⠀⢁⠀⠀⠀⠀⠀⠀⠀⠀
⠠⠄⠈⠀⠀⠁⠀⠀⠀⡀⠂⠀⠀⣀⠀⠂⠀⠀⡀⠈⠀⠠⠀⠀⠀⠀
⢂⠀⠀⠀⠀⠈⢀⠀⠀⠐⠀⠀⠀⡀⠀⢈⠀⠀⠀⠀⠀⠀⠀⠀⠀⠄
⡐⠀⠀⠂⠀⠀⠂⠀⠀⠂⠀⠀⠀⠀⠀⠀⠁⠀⠈⠂⠀⠀⠀⠀⠠⠀
⠀⠂⠀⠀⠀⠀⠠⠀⠐⠐⠀⠀⠘⠀⠀⠀⠈⡀⠀⠂⠀⠀⠁⠀⠄⠆
⠀⠐⠀⠠⠀⠀⠂⠄⠁⠀⠀⠀⠂⠀⠀⠀⠂⢀⠠⠠⠀⠀⠀⠠⠠⠀
⠀⠀⠂⠀⠀⠀⠀⣈⠀⠀⠄⠐⠄⠀⠀⠀⠀⠀⡀⠀⠄⠀⠐⠄⢄⠀
⠀⠀⠈⡀⠄⠐⠠⠀⠄⠀⠀⠂⠀⠀⠀⠀⠐⠀⠤⠀⠠⠀⡐⠠⠀⠀
⠀⠀⠀⠐⢄⡤⠁⠀⠐⣀⠜⡐⠀⠀⠀⠀⠀⢄⠀⠡⣀⠶⡠⢃⠂⠀

