---
source: src/opt.rs
expression: stdout
---
⠀⠀⠀⠀⠀⠀⠀⠀⠀⠀⠀⠠⠉⠑⡀⠀⠀⠀⠀⠀⠀⠀⠀⠀⠀⠀
⠀⠀⠀⠀⠀⠀⠀⠀⠀⠀⠠⠁⠀⠀⠠⠀⠀⠀⠀⠀⠀⠀⠀⠀⠀⠀
⠀⠀⠀⠀⠀⠀⠀⠀⠀⠀⠂⠀⠀⠀⠀⠂⠀⠀⠀⠀⠀⠀⠀⠀⠀⠀
⠂⠀⠀⠀⠀⠀⠀⠀⠀⠐⠀⠀⠀⠀⠀⠈⠀⠀⠀⠀⠀⠀⠀⠀⠀⠄
⠐⠀⠀⠀⠀⠀⠀⠀⠀⠂⠀⠀⠀⠀⠀⠀⠁⠀⠀⠀⠀⠀⠀⠀⠠⠀
⠀⠂⠀⠀⠀⠀⠀⠀⠐⠀⠀⠀⠀⠀⠀⠀⠈⡀⠀⠀⠀⠀⠀⠀⠄⠀
⠀⠐⠀⠀⠀⠀⠀⠀⠁⠀⠀⠀⠀⠀⠀⠀⠀⢀⠀⠀⠀⠀⠀⠠⠀⠀
⠀⠀⠂⠀⠀⠀⠀⡈⠀⠀⠀⠀⠀⠀⠀⠀⠀⠀⡀⠀⠀⠀⠀⠄⠀⠀
⠀⠀⠈⡀⠀⠀⠠⠀⠀⠀⠀⠀⠀⠀⠀⠀⠀⠀⠠⠀⠀⠀⡐⠀⠀⠀
⠀⠀⠀⠐⢄⡠⠁⠀⠀⠀⠀⠀⠀⠀⠀⠀⠀⠀⠀⠡⣀⠔⠀⠀⠀⠀

