---
source: src/graph/braille.rs
expression: chars
---
⠀⡈⡔⠉⠄⠀⠀⠐⠁⠀⠀⠠⠉⠑⣑⠊⠡⠀⠀⠀⠌⡀⠀⠀⠀⠀
⠀⠠⠀⠀⠈⠀⠀⡀⠈⠀⠠⠁⠀⠈⡠⡀⠀⢁⠀⠀⠀⠀⠀⠀⠀⠀
⠠⠄⠈⠀⠀⠁⠀⠀⠀⡀⠂⠀⠀⣀⠀⠂⠀⠀⡀⠈⠀⠠⠀⠀⠀⠀
⢂⠀⠀⠀⠀⠈⢀⠀⠀⠐⠀⠀⠀⡀⠀⢈⠀⠀⠀⠀⠀⠀⠀⠀⠀⠄
⡐⠀⠀⠂⠀⠀⠂⠀⠀⠂⠀⠀⠀⠀⠀⠀⠁⠀⠈⠂⠀⠀⠀⠀⠠⠀
⠀⠂⠀⠀⠀⠀⠠⠀⠐⠐⠀⠀⠘⠀⠀⠀⠈⡀⠀⠂⠀⠀⠁⠀⠄⠆
⠀⠐⠀⠠⠀⠀⠂⠄⠁⠀⠀⠀⠂⠀⠀⠀⠂⢀⠠⠠⠀⠀⠀⠠⠠⠀
⠀⠀⠂⠀⠀⠀⠀⣈⠀⠀⠄⠐⠄⠀⠀⠀⠀⠀⡀⠀⠄⠀⠐⠄⢄⠀
⠀⠀⠈⡀⠄⠐⠠⠀⠄⠀⠀⠂⠀⠀⠀⠀⠐⠀⠤⠀⠠⠀⡐⠠⠀⠀
⠀⠀⠀⠐⢄⡤⠁⠀⠐⣀⠜⡐⠀⠀⠀⠀⠀⢄⠀⠡⣀⠶⡠⢃⠂⠀

