---
source: src/graph/dot_plotter.rs
expression: buf
---
⠀⡈⡔⠉⠄⠀⠀⠐⠁⠀⠀⠠⠉⠑⣑⠊⠡⠀⠀⠀⠌⡀⠀⠀⠀
⠀⠠⠀⠀⠈⠀⠀⡀⠈⠀⠠⠁⠀⠈⡠⡀⠀⢁⠀⠀⠀⠀⠀⠀⠀
⠠⠄⠈⠀⠀⠁⠀⠀⠀⡀⠂⠀⠀⣀⠀⠂⠀⠀⡀⠈⠀⠠⠀⠀⠀
⢂⠀⠀⠀⠀⠈⢀⠀⠀⠐⠀⠀⠀⡀⠀⢈⠀⠀⠀⠀⠀⠀⠀⠀⠀⠄
⡐⠀⠀⠂⠀⠀⠂⠀⠀⠂⠀⠀⠀⠀⠀⠀⠁⠀⠈⠂⠀⠀⠀⠀⠠
⠀⠂⠀⠀⠀⠀⠠⠀⠐⠐⠀⠀⠘⠀⠀⠀⠈⡀⠀⠂⠀⠀⠁⠀⠄⠆
⠀⠐⠀⠠⠀⠀⠂⠄⠁⠀⠀⠀⠂⠀⠀⠀⠂⢀⠠⠠⠀⠀⠀⠠⠠
⠀⠀⠂⠀⠀⠀⠀⣈⠀⠀⠄⠐⠄⠀⠀⠀⠀⠀⡀⠀⠄⠀⠐⠄⢄
⠀⠀⠈⡀⠄⠐⠠⠀⠄⠀⠀⠂⠀⠀⠀⠀⠐⠀⠤⠀⠠⠀⡐⠠⠀
⠀⠀⠀⠐⢄⡤⠁⠀⠐⣀⠜⡐⠀⠀⠀⠀⠀⢄⠀⠡⣀⠶⡠⢃⠂

